--------------------------------------------------------------------------------
Release 14.7 Trace  (nt64)
Copyright (c) 1995-2013 Xilinx, Inc.  All rights reserved.

C:\Xilinx\14.7\ISE_DS\ISE\bin\nt64\unwrapped\trce.exe -intstyle ise -v 3 -s 5
-n 3 -fastpaths -xml ALU.twx ALU.ncd -o ALU.twr ALU.pcf

Design file:              ALU.ncd
Physical constraint file: ALU.pcf
Device,package,speed:     xc3s1200e,ft256,-5 (PRODUCTION 1.27 2013-10-13)
Report level:             verbose report

Environment Variable      Effect 
--------------------      ------ 
NONE                      No environment variables were set
--------------------------------------------------------------------------------

INFO:Timing:2698 - No timing constraints found, doing default enumeration.
INFO:Timing:3412 - To improve timing, see the Timing Closure User Guide (UG612).
INFO:Timing:2752 - To get complete path coverage, use the unconstrained paths 
   option. All paths that are not constrained will be reported in the 
   unconstrained paths section(s) of the report.
INFO:Timing:3339 - The clock-to-out numbers in this timing report are based on 
   a 50 Ohm transmission line loading model.  For the details of this model, 
   and for more information on accounting for different loading conditions, 
   please see the device datasheet.
INFO:Timing:3390 - This architecture does not support a default System Jitter 
   value, please add SYSTEM_JITTER constraint to the UCF to modify the Clock 
   Uncertainty calculation.
INFO:Timing:3389 - This architecture does not support 'Discrete Jitter' and 
   'Phase Error' calculations, these terms will be zero in the Clock 
   Uncertainty calculation.  Please make appropriate modification to 
   SYSTEM_JITTER to account for the unsupported Discrete Jitter and Phase 
   Error.



Data Sheet report:
-----------------
All values displayed in nanoseconds (ns)

Pad to Pad
---------------+---------------+---------+
Source Pad     |Destination Pad|  Delay  |
---------------+---------------+---------+
alu_a<0>       |alu_out<0>     |   12.317|
alu_a<0>       |alu_out<1>     |   13.618|
alu_a<0>       |alu_out<2>     |   13.091|
alu_a<0>       |alu_out<3>     |   12.718|
alu_a<0>       |alu_out<4>     |   13.833|
alu_a<0>       |alu_out<5>     |   13.552|
alu_a<0>       |alu_out<6>     |   12.849|
alu_a<0>       |alu_out<7>     |   13.668|
alu_a<0>       |alu_out<8>     |   15.994|
alu_a<0>       |alu_out<9>     |   14.375|
alu_a<0>       |alu_out<10>    |   13.279|
alu_a<0>       |alu_out<11>    |   16.141|
alu_a<0>       |alu_out<12>    |   14.093|
alu_a<0>       |alu_out<13>    |   13.831|
alu_a<0>       |alu_out<14>    |   15.374|
alu_a<0>       |alu_out<15>    |   13.790|
alu_a<0>       |alu_out<16>    |   14.637|
alu_a<0>       |alu_out<17>    |   13.906|
alu_a<0>       |alu_out<18>    |   14.482|
alu_a<0>       |alu_out<19>    |   13.245|
alu_a<0>       |alu_out<20>    |   13.942|
alu_a<0>       |alu_out<21>    |   13.198|
alu_a<0>       |alu_out<22>    |   14.220|
alu_a<0>       |alu_out<23>    |   14.814|
alu_a<0>       |alu_out<24>    |   12.675|
alu_a<0>       |alu_out<25>    |   14.201|
alu_a<0>       |alu_out<26>    |   13.798|
alu_a<0>       |alu_out<27>    |   12.845|
alu_a<0>       |alu_out<28>    |   13.788|
alu_a<0>       |alu_out<29>    |   12.710|
alu_a<0>       |alu_out<30>    |   12.798|
alu_a<0>       |alu_out<31>    |   14.300|
alu_a<0>       |zero           |   16.439|
alu_a<1>       |alu_out<1>     |   13.432|
alu_a<1>       |alu_out<2>     |   13.122|
alu_a<1>       |alu_out<3>     |   12.749|
alu_a<1>       |alu_out<4>     |   13.864|
alu_a<1>       |alu_out<5>     |   13.583|
alu_a<1>       |alu_out<6>     |   12.880|
alu_a<1>       |alu_out<7>     |   13.699|
alu_a<1>       |alu_out<8>     |   16.025|
alu_a<1>       |alu_out<9>     |   14.406|
alu_a<1>       |alu_out<10>    |   13.310|
alu_a<1>       |alu_out<11>    |   16.172|
alu_a<1>       |alu_out<12>    |   14.124|
alu_a<1>       |alu_out<13>    |   13.862|
alu_a<1>       |alu_out<14>    |   15.405|
alu_a<1>       |alu_out<15>    |   13.821|
alu_a<1>       |alu_out<16>    |   14.668|
alu_a<1>       |alu_out<17>    |   13.937|
alu_a<1>       |alu_out<18>    |   14.513|
alu_a<1>       |alu_out<19>    |   13.276|
alu_a<1>       |alu_out<20>    |   13.973|
alu_a<1>       |alu_out<21>    |   13.229|
alu_a<1>       |alu_out<22>    |   14.251|
alu_a<1>       |alu_out<23>    |   14.845|
alu_a<1>       |alu_out<24>    |   12.706|
alu_a<1>       |alu_out<25>    |   14.232|
alu_a<1>       |alu_out<26>    |   13.829|
alu_a<1>       |alu_out<27>    |   12.876|
alu_a<1>       |alu_out<28>    |   13.819|
alu_a<1>       |alu_out<29>    |   12.741|
alu_a<1>       |alu_out<30>    |   12.829|
alu_a<1>       |alu_out<31>    |   14.331|
alu_a<1>       |zero           |   16.470|
alu_a<2>       |alu_out<2>     |   12.438|
alu_a<2>       |alu_out<3>     |   12.216|
alu_a<2>       |alu_out<4>     |   13.568|
alu_a<2>       |alu_out<5>     |   13.287|
alu_a<2>       |alu_out<6>     |   12.584|
alu_a<2>       |alu_out<7>     |   13.403|
alu_a<2>       |alu_out<8>     |   15.729|
alu_a<2>       |alu_out<9>     |   14.110|
alu_a<2>       |alu_out<10>    |   13.014|
alu_a<2>       |alu_out<11>    |   15.876|
alu_a<2>       |alu_out<12>    |   13.828|
alu_a<2>       |alu_out<13>    |   13.566|
alu_a<2>       |alu_out<14>    |   15.109|
alu_a<2>       |alu_out<15>    |   13.525|
alu_a<2>       |alu_out<16>    |   14.372|
alu_a<2>       |alu_out<17>    |   13.641|
alu_a<2>       |alu_out<18>    |   14.217|
alu_a<2>       |alu_out<19>    |   12.980|
alu_a<2>       |alu_out<20>    |   13.677|
alu_a<2>       |alu_out<21>    |   12.933|
alu_a<2>       |alu_out<22>    |   13.955|
alu_a<2>       |alu_out<23>    |   14.549|
alu_a<2>       |alu_out<24>    |   12.410|
alu_a<2>       |alu_out<25>    |   13.936|
alu_a<2>       |alu_out<26>    |   13.533|
alu_a<2>       |alu_out<27>    |   12.580|
alu_a<2>       |alu_out<28>    |   13.523|
alu_a<2>       |alu_out<29>    |   12.445|
alu_a<2>       |alu_out<30>    |   12.533|
alu_a<2>       |alu_out<31>    |   14.035|
alu_a<2>       |zero           |   16.174|
alu_a<3>       |alu_out<3>     |   11.546|
alu_a<3>       |alu_out<4>     |   13.115|
alu_a<3>       |alu_out<5>     |   12.834|
alu_a<3>       |alu_out<6>     |   12.131|
alu_a<3>       |alu_out<7>     |   12.950|
alu_a<3>       |alu_out<8>     |   15.276|
alu_a<3>       |alu_out<9>     |   13.657|
alu_a<3>       |alu_out<10>    |   12.561|
alu_a<3>       |alu_out<11>    |   15.423|
alu_a<3>       |alu_out<12>    |   13.375|
alu_a<3>       |alu_out<13>    |   13.113|
alu_a<3>       |alu_out<14>    |   14.656|
alu_a<3>       |alu_out<15>    |   13.072|
alu_a<3>       |alu_out<16>    |   13.919|
alu_a<3>       |alu_out<17>    |   13.188|
alu_a<3>       |alu_out<18>    |   13.764|
alu_a<3>       |alu_out<19>    |   12.527|
alu_a<3>       |alu_out<20>    |   13.224|
alu_a<3>       |alu_out<21>    |   12.480|
alu_a<3>       |alu_out<22>    |   13.502|
alu_a<3>       |alu_out<23>    |   14.096|
alu_a<3>       |alu_out<24>    |   11.957|
alu_a<3>       |alu_out<25>    |   13.483|
alu_a<3>       |alu_out<26>    |   13.080|
alu_a<3>       |alu_out<27>    |   12.127|
alu_a<3>       |alu_out<28>    |   13.070|
alu_a<3>       |alu_out<29>    |   11.992|
alu_a<3>       |alu_out<30>    |   12.080|
alu_a<3>       |alu_out<31>    |   13.582|
alu_a<3>       |zero           |   15.721|
alu_a<4>       |alu_out<4>     |   13.302|
alu_a<4>       |alu_out<5>     |   13.172|
alu_a<4>       |alu_out<6>     |   12.706|
alu_a<4>       |alu_out<7>     |   13.525|
alu_a<4>       |alu_out<8>     |   15.851|
alu_a<4>       |alu_out<9>     |   14.232|
alu_a<4>       |alu_out<10>    |   13.136|
alu_a<4>       |alu_out<11>    |   15.998|
alu_a<4>       |alu_out<12>    |   13.950|
alu_a<4>       |alu_out<13>    |   13.688|
alu_a<4>       |alu_out<14>    |   15.231|
alu_a<4>       |alu_out<15>    |   13.647|
alu_a<4>       |alu_out<16>    |   14.494|
alu_a<4>       |alu_out<17>    |   13.763|
alu_a<4>       |alu_out<18>    |   14.339|
alu_a<4>       |alu_out<19>    |   13.102|
alu_a<4>       |alu_out<20>    |   13.799|
alu_a<4>       |alu_out<21>    |   13.055|
alu_a<4>       |alu_out<22>    |   14.077|
alu_a<4>       |alu_out<23>    |   14.671|
alu_a<4>       |alu_out<24>    |   12.532|
alu_a<4>       |alu_out<25>    |   14.058|
alu_a<4>       |alu_out<26>    |   13.655|
alu_a<4>       |alu_out<27>    |   12.702|
alu_a<4>       |alu_out<28>    |   13.645|
alu_a<4>       |alu_out<29>    |   12.567|
alu_a<4>       |alu_out<30>    |   12.655|
alu_a<4>       |alu_out<31>    |   14.157|
alu_a<4>       |zero           |   16.296|
alu_a<5>       |alu_out<5>     |   12.161|
alu_a<5>       |alu_out<6>     |   11.912|
alu_a<5>       |alu_out<7>     |   12.731|
alu_a<5>       |alu_out<8>     |   15.057|
alu_a<5>       |alu_out<9>     |   13.438|
alu_a<5>       |alu_out<10>    |   12.342|
alu_a<5>       |alu_out<11>    |   15.204|
alu_a<5>       |alu_out<12>    |   13.156|
alu_a<5>       |alu_out<13>    |   12.894|
alu_a<5>       |alu_out<14>    |   14.437|
alu_a<5>       |alu_out<15>    |   12.853|
alu_a<5>       |alu_out<16>    |   13.700|
alu_a<5>       |alu_out<17>    |   12.969|
alu_a<5>       |alu_out<18>    |   13.545|
alu_a<5>       |alu_out<19>    |   12.308|
alu_a<5>       |alu_out<20>    |   13.005|
alu_a<5>       |alu_out<21>    |   12.261|
alu_a<5>       |alu_out<22>    |   13.283|
alu_a<5>       |alu_out<23>    |   13.877|
alu_a<5>       |alu_out<24>    |   11.738|
alu_a<5>       |alu_out<25>    |   13.264|
alu_a<5>       |alu_out<26>    |   12.861|
alu_a<5>       |alu_out<27>    |   11.908|
alu_a<5>       |alu_out<28>    |   12.851|
alu_a<5>       |alu_out<29>    |   11.773|
alu_a<5>       |alu_out<30>    |   11.861|
alu_a<5>       |alu_out<31>    |   13.363|
alu_a<5>       |zero           |   15.502|
alu_a<6>       |alu_out<6>     |   11.317|
alu_a<6>       |alu_out<7>     |   12.287|
alu_a<6>       |alu_out<8>     |   14.850|
alu_a<6>       |alu_out<9>     |   13.231|
alu_a<6>       |alu_out<10>    |   12.135|
alu_a<6>       |alu_out<11>    |   14.997|
alu_a<6>       |alu_out<12>    |   12.949|
alu_a<6>       |alu_out<13>    |   12.687|
alu_a<6>       |alu_out<14>    |   14.230|
alu_a<6>       |alu_out<15>    |   12.646|
alu_a<6>       |alu_out<16>    |   13.493|
alu_a<6>       |alu_out<17>    |   12.762|
alu_a<6>       |alu_out<18>    |   13.338|
alu_a<6>       |alu_out<19>    |   12.101|
alu_a<6>       |alu_out<20>    |   12.798|
alu_a<6>       |alu_out<21>    |   12.054|
alu_a<6>       |alu_out<22>    |   13.076|
alu_a<6>       |alu_out<23>    |   13.670|
alu_a<6>       |alu_out<24>    |   11.531|
alu_a<6>       |alu_out<25>    |   13.057|
alu_a<6>       |alu_out<26>    |   12.654|
alu_a<6>       |alu_out<27>    |   11.701|
alu_a<6>       |alu_out<28>    |   12.644|
alu_a<6>       |alu_out<29>    |   11.566|
alu_a<6>       |alu_out<30>    |   11.654|
alu_a<6>       |alu_out<31>    |   13.156|
alu_a<6>       |zero           |   15.295|
alu_a<7>       |alu_out<7>     |   11.319|
alu_a<7>       |alu_out<8>     |   14.099|
alu_a<7>       |alu_out<9>     |   12.480|
alu_a<7>       |alu_out<10>    |   11.384|
alu_a<7>       |alu_out<11>    |   14.246|
alu_a<7>       |alu_out<12>    |   12.198|
alu_a<7>       |alu_out<13>    |   11.936|
alu_a<7>       |alu_out<14>    |   13.479|
alu_a<7>       |alu_out<15>    |   11.895|
alu_a<7>       |alu_out<16>    |   12.742|
alu_a<7>       |alu_out<17>    |   12.011|
alu_a<7>       |alu_out<18>    |   12.587|
alu_a<7>       |alu_out<19>    |   11.350|
alu_a<7>       |alu_out<20>    |   12.047|
alu_a<7>       |alu_out<21>    |   11.303|
alu_a<7>       |alu_out<22>    |   12.325|
alu_a<7>       |alu_out<23>    |   12.919|
alu_a<7>       |alu_out<24>    |   10.780|
alu_a<7>       |alu_out<25>    |   12.306|
alu_a<7>       |alu_out<26>    |   11.903|
alu_a<7>       |alu_out<27>    |   10.950|
alu_a<7>       |alu_out<28>    |   11.893|
alu_a<7>       |alu_out<29>    |   10.815|
alu_a<7>       |alu_out<30>    |   10.903|
alu_a<7>       |alu_out<31>    |   12.405|
alu_a<7>       |zero           |   14.544|
alu_a<8>       |alu_out<8>     |   13.779|
alu_a<8>       |alu_out<9>     |   12.311|
alu_a<8>       |alu_out<10>    |   11.452|
alu_a<8>       |alu_out<11>    |   14.314|
alu_a<8>       |alu_out<12>    |   12.266|
alu_a<8>       |alu_out<13>    |   12.004|
alu_a<8>       |alu_out<14>    |   13.547|
alu_a<8>       |alu_out<15>    |   11.963|
alu_a<8>       |alu_out<16>    |   12.810|
alu_a<8>       |alu_out<17>    |   12.079|
alu_a<8>       |alu_out<18>    |   12.655|
alu_a<8>       |alu_out<19>    |   11.418|
alu_a<8>       |alu_out<20>    |   12.115|
alu_a<8>       |alu_out<21>    |   11.371|
alu_a<8>       |alu_out<22>    |   12.393|
alu_a<8>       |alu_out<23>    |   12.987|
alu_a<8>       |alu_out<24>    |   10.848|
alu_a<8>       |alu_out<25>    |   12.374|
alu_a<8>       |alu_out<26>    |   11.971|
alu_a<8>       |alu_out<27>    |   11.018|
alu_a<8>       |alu_out<28>    |   11.961|
alu_a<8>       |alu_out<29>    |   10.883|
alu_a<8>       |alu_out<30>    |   10.971|
alu_a<8>       |alu_out<31>    |   12.473|
alu_a<8>       |zero           |   14.612|
alu_a<9>       |alu_out<9>     |   11.974|
alu_a<9>       |alu_out<10>    |   11.332|
alu_a<9>       |alu_out<11>    |   14.194|
alu_a<9>       |alu_out<12>    |   12.146|
alu_a<9>       |alu_out<13>    |   11.884|
alu_a<9>       |alu_out<14>    |   13.427|
alu_a<9>       |alu_out<15>    |   11.843|
alu_a<9>       |alu_out<16>    |   12.690|
alu_a<9>       |alu_out<17>    |   11.959|
alu_a<9>       |alu_out<18>    |   12.535|
alu_a<9>       |alu_out<19>    |   11.298|
alu_a<9>       |alu_out<20>    |   11.995|
alu_a<9>       |alu_out<21>    |   11.251|
alu_a<9>       |alu_out<22>    |   12.273|
alu_a<9>       |alu_out<23>    |   12.867|
alu_a<9>       |alu_out<24>    |   10.728|
alu_a<9>       |alu_out<25>    |   12.254|
alu_a<9>       |alu_out<26>    |   11.851|
alu_a<9>       |alu_out<27>    |   10.898|
alu_a<9>       |alu_out<28>    |   11.841|
alu_a<9>       |alu_out<29>    |   10.763|
alu_a<9>       |alu_out<30>    |   10.851|
alu_a<9>       |alu_out<31>    |   12.353|
alu_a<9>       |zero           |   14.492|
alu_a<10>      |alu_out<10>    |   11.250|
alu_a<10>      |alu_out<11>    |   14.263|
alu_a<10>      |alu_out<12>    |   12.452|
alu_a<10>      |alu_out<13>    |   12.190|
alu_a<10>      |alu_out<14>    |   13.733|
alu_a<10>      |alu_out<15>    |   12.149|
alu_a<10>      |alu_out<16>    |   12.996|
alu_a<10>      |alu_out<17>    |   12.265|
alu_a<10>      |alu_out<18>    |   12.841|
alu_a<10>      |alu_out<19>    |   11.604|
alu_a<10>      |alu_out<20>    |   12.301|
alu_a<10>      |alu_out<21>    |   11.557|
alu_a<10>      |alu_out<22>    |   12.579|
alu_a<10>      |alu_out<23>    |   13.173|
alu_a<10>      |alu_out<24>    |   11.034|
alu_a<10>      |alu_out<25>    |   12.560|
alu_a<10>      |alu_out<26>    |   12.157|
alu_a<10>      |alu_out<27>    |   11.204|
alu_a<10>      |alu_out<28>    |   12.147|
alu_a<10>      |alu_out<29>    |   11.069|
alu_a<10>      |alu_out<30>    |   11.157|
alu_a<10>      |alu_out<31>    |   12.659|
alu_a<10>      |zero           |   14.798|
alu_a<11>      |alu_out<11>    |   14.135|
alu_a<11>      |alu_out<12>    |   12.541|
alu_a<11>      |alu_out<13>    |   12.279|
alu_a<11>      |alu_out<14>    |   13.822|
alu_a<11>      |alu_out<15>    |   12.238|
alu_a<11>      |alu_out<16>    |   13.085|
alu_a<11>      |alu_out<17>    |   12.354|
alu_a<11>      |alu_out<18>    |   12.930|
alu_a<11>      |alu_out<19>    |   11.693|
alu_a<11>      |alu_out<20>    |   12.390|
alu_a<11>      |alu_out<21>    |   11.646|
alu_a<11>      |alu_out<22>    |   12.668|
alu_a<11>      |alu_out<23>    |   13.262|
alu_a<11>      |alu_out<24>    |   11.123|
alu_a<11>      |alu_out<25>    |   12.649|
alu_a<11>      |alu_out<26>    |   12.246|
alu_a<11>      |alu_out<27>    |   11.293|
alu_a<11>      |alu_out<28>    |   12.236|
alu_a<11>      |alu_out<29>    |   11.158|
alu_a<11>      |alu_out<30>    |   11.246|
alu_a<11>      |alu_out<31>    |   12.748|
alu_a<11>      |zero           |   14.887|
alu_a<12>      |alu_out<12>    |   11.820|
alu_a<12>      |alu_out<13>    |   11.592|
alu_a<12>      |alu_out<14>    |   13.372|
alu_a<12>      |alu_out<15>    |   11.788|
alu_a<12>      |alu_out<16>    |   12.635|
alu_a<12>      |alu_out<17>    |   11.904|
alu_a<12>      |alu_out<18>    |   12.480|
alu_a<12>      |alu_out<19>    |   11.243|
alu_a<12>      |alu_out<20>    |   11.940|
alu_a<12>      |alu_out<21>    |   11.196|
alu_a<12>      |alu_out<22>    |   12.218|
alu_a<12>      |alu_out<23>    |   12.812|
alu_a<12>      |alu_out<24>    |   10.673|
alu_a<12>      |alu_out<25>    |   12.199|
alu_a<12>      |alu_out<26>    |   11.796|
alu_a<12>      |alu_out<27>    |   10.843|
alu_a<12>      |alu_out<28>    |   11.786|
alu_a<12>      |alu_out<29>    |   10.708|
alu_a<12>      |alu_out<30>    |   10.796|
alu_a<12>      |alu_out<31>    |   12.298|
alu_a<12>      |zero           |   14.437|
alu_a<13>      |alu_out<13>    |   11.403|
alu_a<13>      |alu_out<14>    |   13.400|
alu_a<13>      |alu_out<15>    |   11.816|
alu_a<13>      |alu_out<16>    |   12.663|
alu_a<13>      |alu_out<17>    |   11.932|
alu_a<13>      |alu_out<18>    |   12.508|
alu_a<13>      |alu_out<19>    |   11.271|
alu_a<13>      |alu_out<20>    |   11.968|
alu_a<13>      |alu_out<21>    |   11.224|
alu_a<13>      |alu_out<22>    |   12.246|
alu_a<13>      |alu_out<23>    |   12.840|
alu_a<13>      |alu_out<24>    |   10.701|
alu_a<13>      |alu_out<25>    |   12.227|
alu_a<13>      |alu_out<26>    |   11.824|
alu_a<13>      |alu_out<27>    |   10.871|
alu_a<13>      |alu_out<28>    |   11.814|
alu_a<13>      |alu_out<29>    |   10.736|
alu_a<13>      |alu_out<30>    |   10.824|
alu_a<13>      |alu_out<31>    |   12.326|
alu_a<13>      |zero           |   14.465|
alu_a<14>      |alu_out<14>    |   12.674|
alu_a<14>      |alu_out<15>    |   11.241|
alu_a<14>      |alu_out<16>    |   12.325|
alu_a<14>      |alu_out<17>    |   11.594|
alu_a<14>      |alu_out<18>    |   12.170|
alu_a<14>      |alu_out<19>    |   10.933|
alu_a<14>      |alu_out<20>    |   11.630|
alu_a<14>      |alu_out<21>    |   10.886|
alu_a<14>      |alu_out<22>    |   11.908|
alu_a<14>      |alu_out<23>    |   12.502|
alu_a<14>      |alu_out<24>    |   10.363|
alu_a<14>      |alu_out<25>    |   11.889|
alu_a<14>      |alu_out<26>    |   11.486|
alu_a<14>      |alu_out<27>    |   10.533|
alu_a<14>      |alu_out<28>    |   11.476|
alu_a<14>      |alu_out<29>    |   10.398|
alu_a<14>      |alu_out<30>    |   10.486|
alu_a<14>      |alu_out<31>    |   11.988|
alu_a<14>      |zero           |   14.127|
alu_a<15>      |alu_out<15>    |   12.162|
alu_a<15>      |alu_out<16>    |   13.463|
alu_a<15>      |alu_out<17>    |   12.732|
alu_a<15>      |alu_out<18>    |   13.308|
alu_a<15>      |alu_out<19>    |   12.071|
alu_a<15>      |alu_out<20>    |   12.768|
alu_a<15>      |alu_out<21>    |   12.024|
alu_a<15>      |alu_out<22>    |   13.046|
alu_a<15>      |alu_out<23>    |   13.640|
alu_a<15>      |alu_out<24>    |   11.501|
alu_a<15>      |alu_out<25>    |   13.027|
alu_a<15>      |alu_out<26>    |   12.624|
alu_a<15>      |alu_out<27>    |   11.671|
alu_a<15>      |alu_out<28>    |   12.614|
alu_a<15>      |alu_out<29>    |   11.536|
alu_a<15>      |alu_out<30>    |   11.624|
alu_a<15>      |alu_out<31>    |   13.126|
alu_a<15>      |zero           |   15.265|
alu_a<16>      |alu_out<16>    |   11.837|
alu_a<16>      |alu_out<17>    |   11.043|
alu_a<16>      |alu_out<18>    |   11.856|
alu_a<16>      |alu_out<19>    |   10.619|
alu_a<16>      |alu_out<20>    |   11.316|
alu_a<16>      |alu_out<21>    |   10.572|
alu_a<16>      |alu_out<22>    |   11.594|
alu_a<16>      |alu_out<23>    |   12.188|
alu_a<16>      |alu_out<24>    |   10.049|
alu_a<16>      |alu_out<25>    |   11.575|
alu_a<16>      |alu_out<26>    |   11.172|
alu_a<16>      |alu_out<27>    |   10.219|
alu_a<16>      |alu_out<28>    |   11.162|
alu_a<16>      |alu_out<29>    |   10.084|
alu_a<16>      |alu_out<30>    |   10.172|
alu_a<16>      |alu_out<31>    |   11.674|
alu_a<16>      |zero           |   13.813|
alu_a<17>      |alu_out<17>    |   10.985|
alu_a<17>      |alu_out<18>    |   12.015|
alu_a<17>      |alu_out<19>    |   10.778|
alu_a<17>      |alu_out<20>    |   11.475|
alu_a<17>      |alu_out<21>    |   10.731|
alu_a<17>      |alu_out<22>    |   11.753|
alu_a<17>      |alu_out<23>    |   12.347|
alu_a<17>      |alu_out<24>    |   10.208|
alu_a<17>      |alu_out<25>    |   11.734|
alu_a<17>      |alu_out<26>    |   11.331|
alu_a<17>      |alu_out<27>    |   10.378|
alu_a<17>      |alu_out<28>    |   11.321|
alu_a<17>      |alu_out<29>    |   10.243|
alu_a<17>      |alu_out<30>    |   10.331|
alu_a<17>      |alu_out<31>    |   11.833|
alu_a<17>      |zero           |   13.972|
alu_a<18>      |alu_out<18>    |   11.858|
alu_a<18>      |alu_out<19>    |   10.772|
alu_a<18>      |alu_out<20>    |   11.706|
alu_a<18>      |alu_out<21>    |   10.962|
alu_a<18>      |alu_out<22>    |   11.984|
alu_a<18>      |alu_out<23>    |   12.578|
alu_a<18>      |alu_out<24>    |   10.439|
alu_a<18>      |alu_out<25>    |   11.965|
alu_a<18>      |alu_out<26>    |   11.562|
alu_a<18>      |alu_out<27>    |   10.609|
alu_a<18>      |alu_out<28>    |   11.552|
alu_a<18>      |alu_out<29>    |   10.474|
alu_a<18>      |alu_out<30>    |   10.562|
alu_a<18>      |alu_out<31>    |   12.064|
alu_a<18>      |zero           |   14.203|
alu_a<19>      |alu_out<19>    |    9.990|
alu_a<19>      |alu_out<20>    |   10.844|
alu_a<19>      |alu_out<21>    |   10.100|
alu_a<19>      |alu_out<22>    |   11.122|
alu_a<19>      |alu_out<23>    |   11.716|
alu_a<19>      |alu_out<24>    |    9.577|
alu_a<19>      |alu_out<25>    |   11.103|
alu_a<19>      |alu_out<26>    |   10.700|
alu_a<19>      |alu_out<27>    |    9.747|
alu_a<19>      |alu_out<28>    |   10.690|
alu_a<19>      |alu_out<29>    |    9.612|
alu_a<19>      |alu_out<30>    |    9.700|
alu_a<19>      |alu_out<31>    |   11.202|
alu_a<19>      |zero           |   13.341|
alu_a<20>      |alu_out<20>    |   10.234|
alu_a<20>      |alu_out<21>    |    9.641|
alu_a<20>      |alu_out<22>    |   10.900|
alu_a<20>      |alu_out<23>    |   11.494|
alu_a<20>      |alu_out<24>    |    9.355|
alu_a<20>      |alu_out<25>    |   10.881|
alu_a<20>      |alu_out<26>    |   10.478|
alu_a<20>      |alu_out<27>    |    9.525|
alu_a<20>      |alu_out<28>    |   10.468|
alu_a<20>      |alu_out<29>    |    9.390|
alu_a<20>      |alu_out<30>    |    9.478|
alu_a<20>      |alu_out<31>    |   10.980|
alu_a<20>      |zero           |   13.119|
alu_a<21>      |alu_out<21>    |    9.685|
alu_a<21>      |alu_out<22>    |   11.161|
alu_a<21>      |alu_out<23>    |   11.755|
alu_a<21>      |alu_out<24>    |    9.616|
alu_a<21>      |alu_out<25>    |   11.142|
alu_a<21>      |alu_out<26>    |   10.739|
alu_a<21>      |alu_out<27>    |    9.786|
alu_a<21>      |alu_out<28>    |   10.729|
alu_a<21>      |alu_out<29>    |    9.651|
alu_a<21>      |alu_out<30>    |    9.739|
alu_a<21>      |alu_out<31>    |   11.241|
alu_a<21>      |zero           |   13.380|
alu_a<22>      |alu_out<22>    |   10.517|
alu_a<22>      |alu_out<23>    |   11.262|
alu_a<22>      |alu_out<24>    |    9.360|
alu_a<22>      |alu_out<25>    |   10.886|
alu_a<22>      |alu_out<26>    |   10.483|
alu_a<22>      |alu_out<27>    |    9.530|
alu_a<22>      |alu_out<28>    |   10.473|
alu_a<22>      |alu_out<29>    |    9.395|
alu_a<22>      |alu_out<30>    |    9.483|
alu_a<22>      |alu_out<31>    |   10.985|
alu_a<22>      |zero           |   12.971|
alu_a<23>      |alu_out<23>    |   10.918|
alu_a<23>      |alu_out<24>    |    9.233|
alu_a<23>      |alu_out<25>    |   10.759|
alu_a<23>      |alu_out<26>    |   10.356|
alu_a<23>      |alu_out<27>    |    9.403|
alu_a<23>      |alu_out<28>    |   10.346|
alu_a<23>      |alu_out<29>    |    9.268|
alu_a<23>      |alu_out<30>    |    9.356|
alu_a<23>      |alu_out<31>    |   10.858|
alu_a<23>      |zero           |   12.844|
alu_a<24>      |alu_out<24>    |    8.474|
alu_a<24>      |alu_out<25>    |   10.151|
alu_a<24>      |alu_out<26>    |    9.985|
alu_a<24>      |alu_out<27>    |    9.032|
alu_a<24>      |alu_out<28>    |    9.975|
alu_a<24>      |alu_out<29>    |    8.897|
alu_a<24>      |alu_out<30>    |    8.985|
alu_a<24>      |alu_out<31>    |   10.487|
alu_a<24>      |zero           |   12.353|
alu_a<25>      |alu_out<25>    |    9.880|
alu_a<25>      |alu_out<26>    |    9.931|
alu_a<25>      |alu_out<27>    |    8.978|
alu_a<25>      |alu_out<28>    |    9.921|
alu_a<25>      |alu_out<29>    |    8.843|
alu_a<25>      |alu_out<30>    |    8.931|
alu_a<25>      |alu_out<31>    |   10.433|
alu_a<25>      |zero           |   12.299|
alu_a<26>      |alu_out<26>    |    9.707|
alu_a<26>      |alu_out<27>    |    8.905|
alu_a<26>      |alu_out<28>    |   10.085|
alu_a<26>      |alu_out<29>    |    9.007|
alu_a<26>      |alu_out<30>    |    9.095|
alu_a<26>      |alu_out<31>    |   10.597|
alu_a<26>      |zero           |   12.433|
alu_a<27>      |alu_out<27>    |    8.655|
alu_a<27>      |alu_out<28>    |   10.052|
alu_a<27>      |alu_out<29>    |    8.974|
alu_a<27>      |alu_out<30>    |    9.062|
alu_a<27>      |alu_out<31>    |   10.564|
alu_a<27>      |zero           |   12.400|
alu_a<28>      |alu_out<28>    |    9.715|
alu_a<28>      |alu_out<29>    |    8.788|
alu_a<28>      |alu_out<30>    |    9.113|
alu_a<28>      |alu_out<31>    |   10.615|
alu_a<28>      |zero           |   12.451|
alu_a<29>      |alu_out<29>    |    8.727|
alu_a<29>      |alu_out<30>    |    9.269|
alu_a<29>      |alu_out<31>    |   10.771|
alu_a<29>      |zero           |   12.607|
alu_a<30>      |alu_out<30>    |    8.657|
alu_a<30>      |alu_out<31>    |   10.310|
alu_a<30>      |zero           |   12.146|
alu_a<31>      |alu_out<31>    |   10.070|
alu_a<31>      |zero           |   11.906|
alu_b<0>       |alu_out<0>     |   10.449|
alu_b<0>       |alu_out<1>     |   11.605|
alu_b<0>       |alu_out<2>     |   11.078|
alu_b<0>       |alu_out<3>     |   10.705|
alu_b<0>       |alu_out<4>     |   11.820|
alu_b<0>       |alu_out<5>     |   11.539|
alu_b<0>       |alu_out<6>     |   10.836|
alu_b<0>       |alu_out<7>     |   11.655|
alu_b<0>       |alu_out<8>     |   13.981|
alu_b<0>       |alu_out<9>     |   12.362|
alu_b<0>       |alu_out<10>    |   11.266|
alu_b<0>       |alu_out<11>    |   14.128|
alu_b<0>       |alu_out<12>    |   12.080|
alu_b<0>       |alu_out<13>    |   11.818|
alu_b<0>       |alu_out<14>    |   13.361|
alu_b<0>       |alu_out<15>    |   11.777|
alu_b<0>       |alu_out<16>    |   12.624|
alu_b<0>       |alu_out<17>    |   11.893|
alu_b<0>       |alu_out<18>    |   12.469|
alu_b<0>       |alu_out<19>    |   11.232|
alu_b<0>       |alu_out<20>    |   11.929|
alu_b<0>       |alu_out<21>    |   11.185|
alu_b<0>       |alu_out<22>    |   12.207|
alu_b<0>       |alu_out<23>    |   12.801|
alu_b<0>       |alu_out<24>    |   10.662|
alu_b<0>       |alu_out<25>    |   12.188|
alu_b<0>       |alu_out<26>    |   11.785|
alu_b<0>       |alu_out<27>    |   10.832|
alu_b<0>       |alu_out<28>    |   11.775|
alu_b<0>       |alu_out<29>    |   10.697|
alu_b<0>       |alu_out<30>    |   10.785|
alu_b<0>       |alu_out<31>    |   12.287|
alu_b<0>       |zero           |   14.426|
alu_b<1>       |alu_out<1>     |   10.742|
alu_b<1>       |alu_out<2>     |   10.432|
alu_b<1>       |alu_out<3>     |   10.059|
alu_b<1>       |alu_out<4>     |   11.174|
alu_b<1>       |alu_out<5>     |   10.893|
alu_b<1>       |alu_out<6>     |   10.190|
alu_b<1>       |alu_out<7>     |   11.009|
alu_b<1>       |alu_out<8>     |   13.335|
alu_b<1>       |alu_out<9>     |   11.716|
alu_b<1>       |alu_out<10>    |   10.620|
alu_b<1>       |alu_out<11>    |   13.482|
alu_b<1>       |alu_out<12>    |   11.434|
alu_b<1>       |alu_out<13>    |   11.172|
alu_b<1>       |alu_out<14>    |   12.715|
alu_b<1>       |alu_out<15>    |   11.131|
alu_b<1>       |alu_out<16>    |   11.978|
alu_b<1>       |alu_out<17>    |   11.247|
alu_b<1>       |alu_out<18>    |   11.823|
alu_b<1>       |alu_out<19>    |   10.586|
alu_b<1>       |alu_out<20>    |   11.283|
alu_b<1>       |alu_out<21>    |   10.539|
alu_b<1>       |alu_out<22>    |   11.561|
alu_b<1>       |alu_out<23>    |   12.155|
alu_b<1>       |alu_out<24>    |   10.016|
alu_b<1>       |alu_out<25>    |   11.542|
alu_b<1>       |alu_out<26>    |   11.139|
alu_b<1>       |alu_out<27>    |   10.186|
alu_b<1>       |alu_out<28>    |   11.129|
alu_b<1>       |alu_out<29>    |   10.051|
alu_b<1>       |alu_out<30>    |   10.139|
alu_b<1>       |alu_out<31>    |   11.641|
alu_b<1>       |zero           |   13.780|
alu_b<2>       |alu_out<2>     |   10.469|
alu_b<2>       |alu_out<3>     |   10.247|
alu_b<2>       |alu_out<4>     |   11.599|
alu_b<2>       |alu_out<5>     |   11.318|
alu_b<2>       |alu_out<6>     |   10.615|
alu_b<2>       |alu_out<7>     |   11.434|
alu_b<2>       |alu_out<8>     |   13.760|
alu_b<2>       |alu_out<9>     |   12.141|
alu_b<2>       |alu_out<10>    |   11.045|
alu_b<2>       |alu_out<11>    |   13.907|
alu_b<2>       |alu_out<12>    |   11.859|
alu_b<2>       |alu_out<13>    |   11.597|
alu_b<2>       |alu_out<14>    |   13.140|
alu_b<2>       |alu_out<15>    |   11.556|
alu_b<2>       |alu_out<16>    |   12.403|
alu_b<2>       |alu_out<17>    |   11.672|
alu_b<2>       |alu_out<18>    |   12.248|
alu_b<2>       |alu_out<19>    |   11.011|
alu_b<2>       |alu_out<20>    |   11.708|
alu_b<2>       |alu_out<21>    |   10.964|
alu_b<2>       |alu_out<22>    |   11.986|
alu_b<2>       |alu_out<23>    |   12.580|
alu_b<2>       |alu_out<24>    |   10.441|
alu_b<2>       |alu_out<25>    |   11.967|
alu_b<2>       |alu_out<26>    |   11.564|
alu_b<2>       |alu_out<27>    |   10.611|
alu_b<2>       |alu_out<28>    |   11.554|
alu_b<2>       |alu_out<29>    |   10.476|
alu_b<2>       |alu_out<30>    |   10.564|
alu_b<2>       |alu_out<31>    |   12.066|
alu_b<2>       |zero           |   14.205|
alu_b<3>       |alu_out<3>     |   10.165|
alu_b<3>       |alu_out<4>     |   11.734|
alu_b<3>       |alu_out<5>     |   11.453|
alu_b<3>       |alu_out<6>     |   10.750|
alu_b<3>       |alu_out<7>     |   11.569|
alu_b<3>       |alu_out<8>     |   13.895|
alu_b<3>       |alu_out<9>     |   12.276|
alu_b<3>       |alu_out<10>    |   11.180|
alu_b<3>       |alu_out<11>    |   14.042|
alu_b<3>       |alu_out<12>    |   11.994|
alu_b<3>       |alu_out<13>    |   11.732|
alu_b<3>       |alu_out<14>    |   13.275|
alu_b<3>       |alu_out<15>    |   11.691|
alu_b<3>       |alu_out<16>    |   12.538|
alu_b<3>       |alu_out<17>    |   11.807|
alu_b<3>       |alu_out<18>    |   12.383|
alu_b<3>       |alu_out<19>    |   11.146|
alu_b<3>       |alu_out<20>    |   11.843|
alu_b<3>       |alu_out<21>    |   11.099|
alu_b<3>       |alu_out<22>    |   12.121|
alu_b<3>       |alu_out<23>    |   12.715|
alu_b<3>       |alu_out<24>    |   10.576|
alu_b<3>       |alu_out<25>    |   12.102|
alu_b<3>       |alu_out<26>    |   11.699|
alu_b<3>       |alu_out<27>    |   10.746|
alu_b<3>       |alu_out<28>    |   11.689|
alu_b<3>       |alu_out<29>    |   10.611|
alu_b<3>       |alu_out<30>    |   10.699|
alu_b<3>       |alu_out<31>    |   12.201|
alu_b<3>       |zero           |   14.340|
alu_b<4>       |alu_out<4>     |   11.295|
alu_b<4>       |alu_out<5>     |   10.931|
alu_b<4>       |alu_out<6>     |   10.465|
alu_b<4>       |alu_out<7>     |   11.284|
alu_b<4>       |alu_out<8>     |   13.610|
alu_b<4>       |alu_out<9>     |   11.991|
alu_b<4>       |alu_out<10>    |   10.895|
alu_b<4>       |alu_out<11>    |   13.757|
alu_b<4>       |alu_out<12>    |   11.709|
alu_b<4>       |alu_out<13>    |   11.447|
alu_b<4>       |alu_out<14>    |   12.990|
alu_b<4>       |alu_out<15>    |   11.406|
alu_b<4>       |alu_out<16>    |   12.253|
alu_b<4>       |alu_out<17>    |   11.522|
alu_b<4>       |alu_out<18>    |   12.098|
alu_b<4>       |alu_out<19>    |   10.861|
alu_b<4>       |alu_out<20>    |   11.558|
alu_b<4>       |alu_out<21>    |   10.814|
alu_b<4>       |alu_out<22>    |   11.836|
alu_b<4>       |alu_out<23>    |   12.430|
alu_b<4>       |alu_out<24>    |   10.291|
alu_b<4>       |alu_out<25>    |   11.817|
alu_b<4>       |alu_out<26>    |   11.414|
alu_b<4>       |alu_out<27>    |   10.461|
alu_b<4>       |alu_out<28>    |   11.404|
alu_b<4>       |alu_out<29>    |   10.326|
alu_b<4>       |alu_out<30>    |   10.414|
alu_b<4>       |alu_out<31>    |   11.916|
alu_b<4>       |zero           |   14.055|
alu_b<5>       |alu_out<5>     |   10.629|
alu_b<5>       |alu_out<6>     |   10.380|
alu_b<5>       |alu_out<7>     |   11.199|
alu_b<5>       |alu_out<8>     |   13.525|
alu_b<5>       |alu_out<9>     |   11.906|
alu_b<5>       |alu_out<10>    |   10.810|
alu_b<5>       |alu_out<11>    |   13.672|
alu_b<5>       |alu_out<12>    |   11.624|
alu_b<5>       |alu_out<13>    |   11.362|
alu_b<5>       |alu_out<14>    |   12.905|
alu_b<5>       |alu_out<15>    |   11.321|
alu_b<5>       |alu_out<16>    |   12.168|
alu_b<5>       |alu_out<17>    |   11.437|
alu_b<5>       |alu_out<18>    |   12.013|
alu_b<5>       |alu_out<19>    |   10.776|
alu_b<5>       |alu_out<20>    |   11.473|
alu_b<5>       |alu_out<21>    |   10.729|
alu_b<5>       |alu_out<22>    |   11.751|
alu_b<5>       |alu_out<23>    |   12.345|
alu_b<5>       |alu_out<24>    |   10.206|
alu_b<5>       |alu_out<25>    |   11.732|
alu_b<5>       |alu_out<26>    |   11.329|
alu_b<5>       |alu_out<27>    |   10.376|
alu_b<5>       |alu_out<28>    |   11.319|
alu_b<5>       |alu_out<29>    |   10.241|
alu_b<5>       |alu_out<30>    |   10.329|
alu_b<5>       |alu_out<31>    |   11.831|
alu_b<5>       |zero           |   13.970|
alu_b<6>       |alu_out<6>     |   10.502|
alu_b<6>       |alu_out<7>     |   11.472|
alu_b<6>       |alu_out<8>     |   14.035|
alu_b<6>       |alu_out<9>     |   12.416|
alu_b<6>       |alu_out<10>    |   11.320|
alu_b<6>       |alu_out<11>    |   14.182|
alu_b<6>       |alu_out<12>    |   12.134|
alu_b<6>       |alu_out<13>    |   11.872|
alu_b<6>       |alu_out<14>    |   13.415|
alu_b<6>       |alu_out<15>    |   11.831|
alu_b<6>       |alu_out<16>    |   12.678|
alu_b<6>       |alu_out<17>    |   11.947|
alu_b<6>       |alu_out<18>    |   12.523|
alu_b<6>       |alu_out<19>    |   11.286|
alu_b<6>       |alu_out<20>    |   11.983|
alu_b<6>       |alu_out<21>    |   11.239|
alu_b<6>       |alu_out<22>    |   12.261|
alu_b<6>       |alu_out<23>    |   12.855|
alu_b<6>       |alu_out<24>    |   10.716|
alu_b<6>       |alu_out<25>    |   12.242|
alu_b<6>       |alu_out<26>    |   11.839|
alu_b<6>       |alu_out<27>    |   10.886|
alu_b<6>       |alu_out<28>    |   11.829|
alu_b<6>       |alu_out<29>    |   10.751|
alu_b<6>       |alu_out<30>    |   10.839|
alu_b<6>       |alu_out<31>    |   12.341|
alu_b<6>       |zero           |   14.480|
alu_b<7>       |alu_out<7>     |   11.538|
alu_b<7>       |alu_out<8>     |   14.318|
alu_b<7>       |alu_out<9>     |   12.699|
alu_b<7>       |alu_out<10>    |   11.603|
alu_b<7>       |alu_out<11>    |   14.465|
alu_b<7>       |alu_out<12>    |   12.417|
alu_b<7>       |alu_out<13>    |   12.155|
alu_b<7>       |alu_out<14>    |   13.698|
alu_b<7>       |alu_out<15>    |   12.114|
alu_b<7>       |alu_out<16>    |   12.961|
alu_b<7>       |alu_out<17>    |   12.230|
alu_b<7>       |alu_out<18>    |   12.806|
alu_b<7>       |alu_out<19>    |   11.569|
alu_b<7>       |alu_out<20>    |   12.266|
alu_b<7>       |alu_out<21>    |   11.522|
alu_b<7>       |alu_out<22>    |   12.544|
alu_b<7>       |alu_out<23>    |   13.138|
alu_b<7>       |alu_out<24>    |   10.999|
alu_b<7>       |alu_out<25>    |   12.525|
alu_b<7>       |alu_out<26>    |   12.122|
alu_b<7>       |alu_out<27>    |   11.169|
alu_b<7>       |alu_out<28>    |   12.112|
alu_b<7>       |alu_out<29>    |   11.034|
alu_b<7>       |alu_out<30>    |   11.122|
alu_b<7>       |alu_out<31>    |   12.624|
alu_b<7>       |zero           |   14.763|
alu_b<8>       |alu_out<8>     |   13.375|
alu_b<8>       |alu_out<9>     |   11.907|
alu_b<8>       |alu_out<10>    |   11.048|
alu_b<8>       |alu_out<11>    |   13.910|
alu_b<8>       |alu_out<12>    |   11.862|
alu_b<8>       |alu_out<13>    |   11.600|
alu_b<8>       |alu_out<14>    |   13.143|
alu_b<8>       |alu_out<15>    |   11.559|
alu_b<8>       |alu_out<16>    |   12.406|
alu_b<8>       |alu_out<17>    |   11.675|
alu_b<8>       |alu_out<18>    |   12.251|
alu_b<8>       |alu_out<19>    |   11.014|
alu_b<8>       |alu_out<20>    |   11.711|
alu_b<8>       |alu_out<21>    |   10.967|
alu_b<8>       |alu_out<22>    |   11.989|
alu_b<8>       |alu_out<23>    |   12.583|
alu_b<8>       |alu_out<24>    |   10.444|
alu_b<8>       |alu_out<25>    |   11.970|
alu_b<8>       |alu_out<26>    |   11.567|
alu_b<8>       |alu_out<27>    |   10.614|
alu_b<8>       |alu_out<28>    |   11.557|
alu_b<8>       |alu_out<29>    |   10.479|
alu_b<8>       |alu_out<30>    |   10.567|
alu_b<8>       |alu_out<31>    |   12.069|
alu_b<8>       |zero           |   14.208|
alu_b<9>       |alu_out<9>     |   11.474|
alu_b<9>       |alu_out<10>    |   10.726|
alu_b<9>       |alu_out<11>    |   13.588|
alu_b<9>       |alu_out<12>    |   11.540|
alu_b<9>       |alu_out<13>    |   11.278|
alu_b<9>       |alu_out<14>    |   12.821|
alu_b<9>       |alu_out<15>    |   11.237|
alu_b<9>       |alu_out<16>    |   12.084|
alu_b<9>       |alu_out<17>    |   11.353|
alu_b<9>       |alu_out<18>    |   11.929|
alu_b<9>       |alu_out<19>    |   10.692|
alu_b<9>       |alu_out<20>    |   11.389|
alu_b<9>       |alu_out<21>    |   10.645|
alu_b<9>       |alu_out<22>    |   11.667|
alu_b<9>       |alu_out<23>    |   12.261|
alu_b<9>       |alu_out<24>    |   10.122|
alu_b<9>       |alu_out<25>    |   11.648|
alu_b<9>       |alu_out<26>    |   11.245|
alu_b<9>       |alu_out<27>    |   10.292|
alu_b<9>       |alu_out<28>    |   11.235|
alu_b<9>       |alu_out<29>    |   10.157|
alu_b<9>       |alu_out<30>    |   10.245|
alu_b<9>       |alu_out<31>    |   11.747|
alu_b<9>       |zero           |   13.886|
alu_b<10>      |alu_out<10>    |   10.175|
alu_b<10>      |alu_out<11>    |   13.188|
alu_b<10>      |alu_out<12>    |   11.377|
alu_b<10>      |alu_out<13>    |   11.115|
alu_b<10>      |alu_out<14>    |   12.658|
alu_b<10>      |alu_out<15>    |   11.074|
alu_b<10>      |alu_out<16>    |   11.921|
alu_b<10>      |alu_out<17>    |   11.190|
alu_b<10>      |alu_out<18>    |   11.766|
alu_b<10>      |alu_out<19>    |   10.529|
alu_b<10>      |alu_out<20>    |   11.226|
alu_b<10>      |alu_out<21>    |   10.482|
alu_b<10>      |alu_out<22>    |   11.504|
alu_b<10>      |alu_out<23>    |   12.098|
alu_b<10>      |alu_out<24>    |    9.959|
alu_b<10>      |alu_out<25>    |   11.485|
alu_b<10>      |alu_out<26>    |   11.082|
alu_b<10>      |alu_out<27>    |   10.129|
alu_b<10>      |alu_out<28>    |   11.072|
alu_b<10>      |alu_out<29>    |    9.994|
alu_b<10>      |alu_out<30>    |   10.082|
alu_b<10>      |alu_out<31>    |   11.584|
alu_b<10>      |zero           |   13.723|
alu_b<11>      |alu_out<11>    |   12.791|
alu_b<11>      |alu_out<12>    |   11.197|
alu_b<11>      |alu_out<13>    |   10.935|
alu_b<11>      |alu_out<14>    |   12.478|
alu_b<11>      |alu_out<15>    |   10.894|
alu_b<11>      |alu_out<16>    |   11.741|
alu_b<11>      |alu_out<17>    |   11.010|
alu_b<11>      |alu_out<18>    |   11.586|
alu_b<11>      |alu_out<19>    |   10.349|
alu_b<11>      |alu_out<20>    |   11.046|
alu_b<11>      |alu_out<21>    |   10.302|
alu_b<11>      |alu_out<22>    |   11.324|
alu_b<11>      |alu_out<23>    |   11.918|
alu_b<11>      |alu_out<24>    |    9.779|
alu_b<11>      |alu_out<25>    |   11.305|
alu_b<11>      |alu_out<26>    |   10.902|
alu_b<11>      |alu_out<27>    |    9.949|
alu_b<11>      |alu_out<28>    |   10.892|
alu_b<11>      |alu_out<29>    |    9.814|
alu_b<11>      |alu_out<30>    |    9.902|
alu_b<11>      |alu_out<31>    |   11.404|
alu_b<11>      |zero           |   13.543|
alu_b<12>      |alu_out<12>    |   11.865|
alu_b<12>      |alu_out<13>    |   11.754|
alu_b<12>      |alu_out<14>    |   13.534|
alu_b<12>      |alu_out<15>    |   11.950|
alu_b<12>      |alu_out<16>    |   12.797|
alu_b<12>      |alu_out<17>    |   12.066|
alu_b<12>      |alu_out<18>    |   12.642|
alu_b<12>      |alu_out<19>    |   11.405|
alu_b<12>      |alu_out<20>    |   12.102|
alu_b<12>      |alu_out<21>    |   11.358|
alu_b<12>      |alu_out<22>    |   12.380|
alu_b<12>      |alu_out<23>    |   12.974|
alu_b<12>      |alu_out<24>    |   10.835|
alu_b<12>      |alu_out<25>    |   12.361|
alu_b<12>      |alu_out<26>    |   11.958|
alu_b<12>      |alu_out<27>    |   11.005|
alu_b<12>      |alu_out<28>    |   11.948|
alu_b<12>      |alu_out<29>    |   10.870|
alu_b<12>      |alu_out<30>    |   10.958|
alu_b<12>      |alu_out<31>    |   12.460|
alu_b<12>      |zero           |   14.599|
alu_b<13>      |alu_out<13>    |   10.445|
alu_b<13>      |alu_out<14>    |   12.442|
alu_b<13>      |alu_out<15>    |   10.858|
alu_b<13>      |alu_out<16>    |   11.705|
alu_b<13>      |alu_out<17>    |   10.974|
alu_b<13>      |alu_out<18>    |   11.550|
alu_b<13>      |alu_out<19>    |   10.313|
alu_b<13>      |alu_out<20>    |   11.010|
alu_b<13>      |alu_out<21>    |   10.266|
alu_b<13>      |alu_out<22>    |   11.288|
alu_b<13>      |alu_out<23>    |   11.882|
alu_b<13>      |alu_out<24>    |    9.743|
alu_b<13>      |alu_out<25>    |   11.269|
alu_b<13>      |alu_out<26>    |   10.866|
alu_b<13>      |alu_out<27>    |    9.913|
alu_b<13>      |alu_out<28>    |   10.856|
alu_b<13>      |alu_out<29>    |    9.778|
alu_b<13>      |alu_out<30>    |    9.866|
alu_b<13>      |alu_out<31>    |   11.368|
alu_b<13>      |zero           |   13.507|
alu_b<14>      |alu_out<14>    |   13.301|
alu_b<14>      |alu_out<15>    |   11.868|
alu_b<14>      |alu_out<16>    |   12.952|
alu_b<14>      |alu_out<17>    |   12.221|
alu_b<14>      |alu_out<18>    |   12.797|
alu_b<14>      |alu_out<19>    |   11.560|
alu_b<14>      |alu_out<20>    |   12.257|
alu_b<14>      |alu_out<21>    |   11.513|
alu_b<14>      |alu_out<22>    |   12.535|
alu_b<14>      |alu_out<23>    |   13.129|
alu_b<14>      |alu_out<24>    |   10.990|
alu_b<14>      |alu_out<25>    |   12.516|
alu_b<14>      |alu_out<26>    |   12.113|
alu_b<14>      |alu_out<27>    |   11.160|
alu_b<14>      |alu_out<28>    |   12.103|
alu_b<14>      |alu_out<29>    |   11.025|
alu_b<14>      |alu_out<30>    |   11.113|
alu_b<14>      |alu_out<31>    |   12.615|
alu_b<14>      |zero           |   14.754|
alu_b<15>      |alu_out<15>    |   10.528|
alu_b<15>      |alu_out<16>    |   11.829|
alu_b<15>      |alu_out<17>    |   11.098|
alu_b<15>      |alu_out<18>    |   11.674|
alu_b<15>      |alu_out<19>    |   10.437|
alu_b<15>      |alu_out<20>    |   11.134|
alu_b<15>      |alu_out<21>    |   10.390|
alu_b<15>      |alu_out<22>    |   11.412|
alu_b<15>      |alu_out<23>    |   12.006|
alu_b<15>      |alu_out<24>    |    9.867|
alu_b<15>      |alu_out<25>    |   11.393|
alu_b<15>      |alu_out<26>    |   10.990|
alu_b<15>      |alu_out<27>    |   10.037|
alu_b<15>      |alu_out<28>    |   10.980|
alu_b<15>      |alu_out<29>    |    9.902|
alu_b<15>      |alu_out<30>    |    9.990|
alu_b<15>      |alu_out<31>    |   11.492|
alu_b<15>      |zero           |   13.631|
alu_b<16>      |alu_out<16>    |   11.953|
alu_b<16>      |alu_out<17>    |   11.177|
alu_b<16>      |alu_out<18>    |   11.990|
alu_b<16>      |alu_out<19>    |   10.753|
alu_b<16>      |alu_out<20>    |   11.450|
alu_b<16>      |alu_out<21>    |   10.706|
alu_b<16>      |alu_out<22>    |   11.728|
alu_b<16>      |alu_out<23>    |   12.322|
alu_b<16>      |alu_out<24>    |   10.183|
alu_b<16>      |alu_out<25>    |   11.709|
alu_b<16>      |alu_out<26>    |   11.306|
alu_b<16>      |alu_out<27>    |   10.353|
alu_b<16>      |alu_out<28>    |   11.296|
alu_b<16>      |alu_out<29>    |   10.218|
alu_b<16>      |alu_out<30>    |   10.306|
alu_b<16>      |alu_out<31>    |   11.808|
alu_b<16>      |zero           |   13.947|
alu_b<17>      |alu_out<17>    |   10.931|
alu_b<17>      |alu_out<18>    |   11.961|
alu_b<17>      |alu_out<19>    |   10.724|
alu_b<17>      |alu_out<20>    |   11.421|
alu_b<17>      |alu_out<21>    |   10.677|
alu_b<17>      |alu_out<22>    |   11.699|
alu_b<17>      |alu_out<23>    |   12.293|
alu_b<17>      |alu_out<24>    |   10.154|
alu_b<17>      |alu_out<25>    |   11.680|
alu_b<17>      |alu_out<26>    |   11.277|
alu_b<17>      |alu_out<27>    |   10.324|
alu_b<17>      |alu_out<28>    |   11.267|
alu_b<17>      |alu_out<29>    |   10.189|
alu_b<17>      |alu_out<30>    |   10.277|
alu_b<17>      |alu_out<31>    |   11.779|
alu_b<17>      |zero           |   13.918|
alu_b<18>      |alu_out<18>    |   11.799|
alu_b<18>      |alu_out<19>    |   10.713|
alu_b<18>      |alu_out<20>    |   11.647|
alu_b<18>      |alu_out<21>    |   10.903|
alu_b<18>      |alu_out<22>    |   11.925|
alu_b<18>      |alu_out<23>    |   12.519|
alu_b<18>      |alu_out<24>    |   10.380|
alu_b<18>      |alu_out<25>    |   11.906|
alu_b<18>      |alu_out<26>    |   11.503|
alu_b<18>      |alu_out<27>    |   10.550|
alu_b<18>      |alu_out<28>    |   11.493|
alu_b<18>      |alu_out<29>    |   10.415|
alu_b<18>      |alu_out<30>    |   10.503|
alu_b<18>      |alu_out<31>    |   12.005|
alu_b<18>      |zero           |   14.144|
alu_b<19>      |alu_out<19>    |   10.241|
alu_b<19>      |alu_out<20>    |   11.392|
alu_b<19>      |alu_out<21>    |   10.648|
alu_b<19>      |alu_out<22>    |   11.670|
alu_b<19>      |alu_out<23>    |   12.264|
alu_b<19>      |alu_out<24>    |   10.125|
alu_b<19>      |alu_out<25>    |   11.651|
alu_b<19>      |alu_out<26>    |   11.248|
alu_b<19>      |alu_out<27>    |   10.295|
alu_b<19>      |alu_out<28>    |   11.238|
alu_b<19>      |alu_out<29>    |   10.160|
alu_b<19>      |alu_out<30>    |   10.248|
alu_b<19>      |alu_out<31>    |   11.750|
alu_b<19>      |zero           |   13.889|
alu_b<20>      |alu_out<20>    |   11.180|
alu_b<20>      |alu_out<21>    |   10.587|
alu_b<20>      |alu_out<22>    |   11.846|
alu_b<20>      |alu_out<23>    |   12.440|
alu_b<20>      |alu_out<24>    |   10.301|
alu_b<20>      |alu_out<25>    |   11.827|
alu_b<20>      |alu_out<26>    |   11.424|
alu_b<20>      |alu_out<27>    |   10.471|
alu_b<20>      |alu_out<28>    |   11.414|
alu_b<20>      |alu_out<29>    |   10.336|
alu_b<20>      |alu_out<30>    |   10.424|
alu_b<20>      |alu_out<31>    |   11.926|
alu_b<20>      |zero           |   14.065|
alu_b<21>      |alu_out<21>    |   10.097|
alu_b<21>      |alu_out<22>    |   11.573|
alu_b<21>      |alu_out<23>    |   12.167|
alu_b<21>      |alu_out<24>    |   10.028|
alu_b<21>      |alu_out<25>    |   11.554|
alu_b<21>      |alu_out<26>    |   11.151|
alu_b<21>      |alu_out<27>    |   10.198|
alu_b<21>      |alu_out<28>    |   11.141|
alu_b<21>      |alu_out<29>    |   10.063|
alu_b<21>      |alu_out<30>    |   10.151|
alu_b<21>      |alu_out<31>    |   11.653|
alu_b<21>      |zero           |   13.792|
alu_b<22>      |alu_out<22>    |   10.891|
alu_b<22>      |alu_out<23>    |   11.636|
alu_b<22>      |alu_out<24>    |    9.734|
alu_b<22>      |alu_out<25>    |   11.260|
alu_b<22>      |alu_out<26>    |   10.857|
alu_b<22>      |alu_out<27>    |    9.904|
alu_b<22>      |alu_out<28>    |   10.847|
alu_b<22>      |alu_out<29>    |    9.769|
alu_b<22>      |alu_out<30>    |    9.857|
alu_b<22>      |alu_out<31>    |   11.359|
alu_b<22>      |zero           |   13.345|
alu_b<23>      |alu_out<23>    |   11.870|
alu_b<23>      |alu_out<24>    |   10.185|
alu_b<23>      |alu_out<25>    |   11.711|
alu_b<23>      |alu_out<26>    |   11.308|
alu_b<23>      |alu_out<27>    |   10.355|
alu_b<23>      |alu_out<28>    |   11.298|
alu_b<23>      |alu_out<29>    |   10.220|
alu_b<23>      |alu_out<30>    |   10.308|
alu_b<23>      |alu_out<31>    |   11.810|
alu_b<23>      |zero           |   13.796|
alu_b<24>      |alu_out<24>    |   10.189|
alu_b<24>      |alu_out<25>    |   11.721|
alu_b<24>      |alu_out<26>    |   11.555|
alu_b<24>      |alu_out<27>    |   10.602|
alu_b<24>      |alu_out<28>    |   11.545|
alu_b<24>      |alu_out<29>    |   10.467|
alu_b<24>      |alu_out<30>    |   10.555|
alu_b<24>      |alu_out<31>    |   12.057|
alu_b<24>      |zero           |   13.923|
alu_b<25>      |alu_out<25>    |   11.949|
alu_b<25>      |alu_out<26>    |   12.000|
alu_b<25>      |alu_out<27>    |   11.047|
alu_b<25>      |alu_out<28>    |   11.990|
alu_b<25>      |alu_out<29>    |   10.912|
alu_b<25>      |alu_out<30>    |   11.000|
alu_b<25>      |alu_out<31>    |   12.502|
alu_b<25>      |zero           |   14.368|
alu_b<26>      |alu_out<26>    |   11.806|
alu_b<26>      |alu_out<27>    |   10.769|
alu_b<26>      |alu_out<28>    |   11.949|
alu_b<26>      |alu_out<29>    |   10.871|
alu_b<26>      |alu_out<30>    |   10.959|
alu_b<26>      |alu_out<31>    |   12.461|
alu_b<26>      |zero           |   14.297|
alu_b<27>      |alu_out<27>    |   11.526|
alu_b<27>      |alu_out<28>    |   12.722|
alu_b<27>      |alu_out<29>    |   11.644|
alu_b<27>      |alu_out<30>    |   11.732|
alu_b<27>      |alu_out<31>    |   13.234|
alu_b<27>      |zero           |   15.070|
alu_b<28>      |alu_out<28>    |   11.710|
alu_b<28>      |alu_out<29>    |   10.783|
alu_b<28>      |alu_out<30>    |   11.108|
alu_b<28>      |alu_out<31>    |   12.610|
alu_b<28>      |zero           |   14.446|
alu_b<29>      |alu_out<29>    |   10.225|
alu_b<29>      |alu_out<30>    |   10.767|
alu_b<29>      |alu_out<31>    |   12.269|
alu_b<29>      |zero           |   14.105|
alu_b<30>      |alu_out<30>    |   10.781|
alu_b<30>      |alu_out<31>    |   11.984|
alu_b<30>      |zero           |   13.986|
alu_b<31>      |alu_out<31>    |   11.953|
alu_b<31>      |zero           |   13.789|
alu_op<0>      |alu_out<0>     |   13.940|
alu_op<0>      |alu_out<1>     |   15.241|
alu_op<0>      |alu_out<2>     |   14.714|
alu_op<0>      |alu_out<3>     |   14.341|
alu_op<0>      |alu_out<4>     |   15.456|
alu_op<0>      |alu_out<5>     |   15.239|
alu_op<0>      |alu_out<6>     |   14.773|
alu_op<0>      |alu_out<7>     |   15.592|
alu_op<0>      |alu_out<8>     |   17.918|
alu_op<0>      |alu_out<9>     |   16.299|
alu_op<0>      |alu_out<10>    |   15.203|
alu_op<0>      |alu_out<11>    |   18.065|
alu_op<0>      |alu_out<12>    |   16.017|
alu_op<0>      |alu_out<13>    |   15.755|
alu_op<0>      |alu_out<14>    |   17.298|
alu_op<0>      |alu_out<15>    |   15.714|
alu_op<0>      |alu_out<16>    |   16.561|
alu_op<0>      |alu_out<17>    |   15.830|
alu_op<0>      |alu_out<18>    |   16.406|
alu_op<0>      |alu_out<19>    |   15.169|
alu_op<0>      |alu_out<20>    |   15.866|
alu_op<0>      |alu_out<21>    |   15.122|
alu_op<0>      |alu_out<22>    |   16.144|
alu_op<0>      |alu_out<23>    |   16.738|
alu_op<0>      |alu_out<24>    |   14.599|
alu_op<0>      |alu_out<25>    |   16.125|
alu_op<0>      |alu_out<26>    |   15.722|
alu_op<0>      |alu_out<27>    |   14.769|
alu_op<0>      |alu_out<28>    |   15.712|
alu_op<0>      |alu_out<29>    |   14.634|
alu_op<0>      |alu_out<30>    |   14.722|
alu_op<0>      |alu_out<31>    |   16.224|
alu_op<0>      |zero           |   18.363|
alu_op<1>      |alu_out<0>     |   14.781|
alu_op<1>      |alu_out<1>     |   15.250|
alu_op<1>      |alu_out<2>     |   15.012|
alu_op<1>      |alu_out<3>     |   14.756|
alu_op<1>      |alu_out<4>     |   15.902|
alu_op<1>      |alu_out<5>     |   15.730|
alu_op<1>      |alu_out<6>     |   14.530|
alu_op<1>      |alu_out<7>     |   15.349|
alu_op<1>      |alu_out<8>     |   17.675|
alu_op<1>      |alu_out<9>     |   16.056|
alu_op<1>      |alu_out<10>    |   14.960|
alu_op<1>      |alu_out<11>    |   17.822|
alu_op<1>      |alu_out<12>    |   15.932|
alu_op<1>      |alu_out<13>    |   15.512|
alu_op<1>      |alu_out<14>    |   17.055|
alu_op<1>      |alu_out<15>    |   15.471|
alu_op<1>      |alu_out<16>    |   16.318|
alu_op<1>      |alu_out<17>    |   15.587|
alu_op<1>      |alu_out<18>    |   16.163|
alu_op<1>      |alu_out<19>    |   14.926|
alu_op<1>      |alu_out<20>    |   15.623|
alu_op<1>      |alu_out<21>    |   14.879|
alu_op<1>      |alu_out<22>    |   15.901|
alu_op<1>      |alu_out<23>    |   16.680|
alu_op<1>      |alu_out<24>    |   14.356|
alu_op<1>      |alu_out<25>    |   15.882|
alu_op<1>      |alu_out<26>    |   15.479|
alu_op<1>      |alu_out<27>    |   14.526|
alu_op<1>      |alu_out<28>    |   15.649|
alu_op<1>      |alu_out<29>    |   14.391|
alu_op<1>      |alu_out<30>    |   14.829|
alu_op<1>      |alu_out<31>    |   15.981|
alu_op<1>      |zero           |   18.305|
alu_op<2>      |alu_out<0>     |   13.508|
alu_op<2>      |alu_out<1>     |   13.849|
alu_op<2>      |alu_out<2>     |   13.762|
alu_op<2>      |alu_out<3>     |   13.506|
alu_op<2>      |alu_out<4>     |   14.551|
alu_op<2>      |alu_out<5>     |   14.370|
alu_op<2>      |alu_out<6>     |   13.180|
alu_op<2>      |alu_out<7>     |   13.599|
alu_op<2>      |alu_out<8>     |   15.925|
alu_op<2>      |alu_out<9>     |   14.306|
alu_op<2>      |alu_out<10>    |   13.216|
alu_op<2>      |alu_out<11>    |   16.072|
alu_op<2>      |alu_out<12>    |   14.594|
alu_op<2>      |alu_out<13>    |   13.762|
alu_op<2>      |alu_out<14>    |   15.495|
alu_op<2>      |alu_out<15>    |   13.721|
alu_op<2>      |alu_out<16>    |   14.699|
alu_op<2>      |alu_out<17>    |   13.837|
alu_op<2>      |alu_out<18>    |   14.599|
alu_op<2>      |alu_out<19>    |   13.244|
alu_op<2>      |alu_out<20>    |   13.873|
alu_op<2>      |alu_out<21>    |   13.142|
alu_op<2>      |alu_out<22>    |   14.172|
alu_op<2>      |alu_out<23>    |   15.314|
alu_op<2>      |alu_out<24>    |   12.963|
alu_op<2>      |alu_out<25>    |   14.244|
alu_op<2>      |alu_out<26>    |   13.729|
alu_op<2>      |alu_out<27>    |   12.776|
alu_op<2>      |alu_out<28>    |   14.399|
alu_op<2>      |alu_out<29>    |   12.937|
alu_op<2>      |alu_out<30>    |   13.579|
alu_op<2>      |alu_out<31>    |   14.231|
alu_op<2>      |zero           |   16.939|
alu_op<3>      |alu_out<0>     |   14.242|
alu_op<3>      |alu_out<1>     |   14.948|
alu_op<3>      |alu_out<2>     |   14.446|
alu_op<3>      |alu_out<3>     |   14.190|
alu_op<3>      |alu_out<4>     |   15.325|
alu_op<3>      |alu_out<5>     |   15.153|
alu_op<3>      |alu_out<6>     |   14.480|
alu_op<3>      |alu_out<7>     |   15.299|
alu_op<3>      |alu_out<8>     |   17.625|
alu_op<3>      |alu_out<9>     |   16.006|
alu_op<3>      |alu_out<10>    |   14.910|
alu_op<3>      |alu_out<11>    |   17.772|
alu_op<3>      |alu_out<12>    |   15.724|
alu_op<3>      |alu_out<13>    |   15.462|
alu_op<3>      |alu_out<14>    |   17.005|
alu_op<3>      |alu_out<15>    |   15.421|
alu_op<3>      |alu_out<16>    |   16.268|
alu_op<3>      |alu_out<17>    |   15.537|
alu_op<3>      |alu_out<18>    |   16.113|
alu_op<3>      |alu_out<19>    |   14.876|
alu_op<3>      |alu_out<20>    |   15.573|
alu_op<3>      |alu_out<21>    |   14.829|
alu_op<3>      |alu_out<22>    |   15.851|
alu_op<3>      |alu_out<23>    |   16.445|
alu_op<3>      |alu_out<24>    |   14.306|
alu_op<3>      |alu_out<25>    |   15.832|
alu_op<3>      |alu_out<26>    |   15.429|
alu_op<3>      |alu_out<27>    |   14.476|
alu_op<3>      |alu_out<28>    |   15.419|
alu_op<3>      |alu_out<29>    |   14.341|
alu_op<3>      |alu_out<30>    |   14.429|
alu_op<3>      |alu_out<31>    |   15.931|
alu_op<3>      |zero           |   18.070|
---------------+---------------+---------+


Analysis completed Wed Apr 25 20:17:41 2018 
--------------------------------------------------------------------------------

Trace Settings:
-------------------------
Trace Settings 

Peak Memory Usage: 172 MB



