Release 14.7 - xst P.20131013 (nt64)
Copyright (c) 1995-2013 Xilinx, Inc.  All rights reserved.
--> Parameter TMPDIR set to xst/projnav.tmp


Total REAL time to Xst completion: 0.00 secs
Total CPU time to Xst completion: 0.37 secs
 
--> Parameter xsthdpdir set to xst


Total REAL time to Xst completion: 0.00 secs
Total CPU time to Xst completion: 0.39 secs
 
--> Reading design: ALU.prj

TABLE OF CONTENTS
  1) Synthesis Options Summary
  2) HDL Compilation
  3) Design Hierarchy Analysis
  4) HDL Analysis
  5) HDL Synthesis
     5.1) HDL Synthesis Report
  6) Advanced HDL Synthesis
     6.1) Advanced HDL Synthesis Report
  7) Low Level Synthesis
  8) Partition Report
  9) Final Report
	9.1) Device utilization summary
	9.2) Partition Resource Summary
	9.3) TIMING REPORT


=========================================================================
*                      Synthesis Options Summary                        *
=========================================================================
---- Source Parameters
Input File Name                    : "ALU.prj"
Input Format                       : mixed
Ignore Synthesis Constraint File   : NO

---- Target Parameters
Output File Name                   : "ALU"
Output Format                      : NGC
Target Device                      : xc3s1200e-5-ft256

---- Source Options
Top Module Name                    : ALU
Automatic FSM Extraction           : YES
FSM Encoding Algorithm             : Auto
Safe Implementation                : No
FSM Style                          : LUT
RAM Extraction                     : Yes
RAM Style                          : Auto
ROM Extraction                     : Yes
Mux Style                          : Auto
Decoder Extraction                 : YES
Priority Encoder Extraction        : Yes
Shift Register Extraction          : YES
Logical Shifter Extraction         : YES
XOR Collapsing                     : YES
ROM Style                          : Auto
Mux Extraction                     : Yes
Resource Sharing                   : YES
Asynchronous To Synchronous        : NO
Multiplier Style                   : Auto
Automatic Register Balancing       : No

---- Target Options
Add IO Buffers                     : YES
Global Maximum Fanout              : 100000
Add Generic Clock Buffer(BUFG)     : 16
Register Duplication               : YES
Slice Packing                      : YES
Optimize Instantiated Primitives   : NO
Use Clock Enable                   : Auto
Use Synchronous Set                : Auto
Use Synchronous Reset              : Auto
Pack IO Registers into IOBs        : Auto
Equivalent register Removal        : YES

---- General Options
Optimization Goal                  : Speed
Optimization Effort                : 1
Keep Hierarchy                     : No
Netlist Hierarchy                  : As_Optimized
RTL Output                         : Yes
Global Optimization                : AllClockNets
Read Cores                         : YES
Write Timing Constraints           : NO
Cross Clock Analysis               : NO
Hierarchy Separator                : /
Bus Delimiter                      : <>
Case Specifier                     : Maintain
Slice Utilization Ratio            : 100
BRAM Utilization Ratio             : 100
Verilog 2001                       : YES
Auto BRAM Packing                  : NO
Slice Utilization Ratio Delta      : 5

---- Other Options
Cores Search Directories           : {"ipcore_dir"  }

=========================================================================


=========================================================================
*                          HDL Compilation                              *
=========================================================================
Compiling verilog file "alu.v" in library work
Module <ALU> compiled
No errors in compilation
Analysis of file <"ALU.prj"> succeeded.
 

=========================================================================
*                     Design Hierarchy Analysis                         *
=========================================================================
Analyzing hierarchy for module <ALU> in library <work> with parameters.
	A_ADD = "0010"
	A_AND = "0000"
	A_NOR = "1100"
	A_OR = "0001"
	A_SUB = "0110"
	A_XOR = "0111"


=========================================================================
*                            HDL Analysis                               *
=========================================================================
Analyzing top module <ALU>.
	A_ADD = 4'b0010
	A_AND = 4'b0000
	A_NOR = 4'b1100
	A_OR = 4'b0001
	A_SUB = 4'b0110
	A_XOR = 4'b0111
Module <ALU> is correct for synthesis.
 

=========================================================================
*                           HDL Synthesis                               *
=========================================================================

Performing bidirectional port resolution...

Synthesizing Unit <ALU>.
    Related source file is "alu.v".
    Found 32-bit addsub for signal <old_alu_out_1$addsub0000>.
    Found 32-bit xor2 for signal <old_alu_out_1$xor0000> created at line 42.
    Summary:
	inferred   1 Adder/Subtractor(s).
Unit <ALU> synthesized.

INFO:Xst:1767 - HDL ADVISOR - Resource sharing has identified that some arithmetic operations in this design can share the same physical resources for reduced device utilization. For improved clock frequency you may try to disable resource sharing.

=========================================================================
HDL Synthesis Report

Macro Statistics
# Adders/Subtractors                                   : 1
 32-bit addsub                                         : 1
# Xors                                                 : 1
 32-bit xor2                                           : 1

=========================================================================

=========================================================================
*                       Advanced HDL Synthesis                          *
=========================================================================


=========================================================================
Advanced HDL Synthesis Report

Macro Statistics
# Adders/Subtractors                                   : 1
 32-bit addsub                                         : 1
# Xors                                                 : 1
 32-bit xor2                                           : 1

=========================================================================

=========================================================================
*                         Low Level Synthesis                           *
=========================================================================

Optimizing unit <ALU> ...

Mapping all equations...
Building and optimizing final netlist ...
Found area constraint ratio of 100 (+ 5) on block ALU, actual ratio is 1.

Final Macro Processing ...

=========================================================================
Final Register Report

Found no macro
=========================================================================

=========================================================================
*                           Partition Report                            *
=========================================================================

Partition Implementation Status
-------------------------------

  No Partitions were found in this design.

-------------------------------

=========================================================================
*                            Final Report                               *
=========================================================================
Final Results
RTL Top Level Output File Name     : ALU.ngr
Top Level Output File Name         : ALU
Output Format                      : NGC
Optimization Goal                  : Speed
Keep Hierarchy                     : No

Design Statistics
# IOs                              : 101

Cell Usage :
# BELS                             : 247
#      GND                         : 1
#      LUT3                        : 33
#      LUT4                        : 109
#      MUXCY                       : 39
#      MUXF5                       : 32
#      VCC                         : 1
#      XORCY                       : 32
# IO Buffers                       : 101
#      IBUF                        : 68
#      OBUF                        : 33
=========================================================================

Device utilization summary:
---------------------------

Selected Device : 3s1200eft256-5 

 Number of Slices:                       74  out of   8672     0%  
 Number of 4 input LUTs:                142  out of  17344     0%  
 Number of IOs:                         101
 Number of bonded IOBs:                 101  out of    190    53%  

---------------------------
Partition Resource Summary:
---------------------------

  No Partitions were found in this design.

---------------------------


=========================================================================
TIMING REPORT

NOTE: THESE TIMING NUMBERS ARE ONLY A SYNTHESIS ESTIMATE.
      FOR ACCURATE TIMING INFORMATION PLEASE REFER TO THE TRACE REPORT
      GENERATED AFTER PLACE-and-ROUTE.

Clock Information:
------------------
No clock signals found in this design

Asynchronous Control Signals Information:
----------------------------------------
No asynchronous control signals found in this design

Timing Summary:
---------------
Speed Grade: -5

   Minimum period: No path found
   Minimum input arrival time before clock: No path found
   Maximum output required time after clock: No path found
   Maximum combinational path delay: 13.219ns

Timing Detail:
--------------
All values displayed in nanoseconds (ns)

=========================================================================
Timing constraint: Default path analysis
  Total number of paths / destination ports: 9504 / 33
-------------------------------------------------------------------------
Delay:               13.219ns (Levels of Logic = 38)
  Source:            alu_op<3> (PAD)
  Destination:       zero (PAD)

  Data Path: alu_op<3> to zero
                                Gate     Net
    Cell:in->out      fanout   Delay   Delay  Logical Name (Net Name)
    ----------------------------------------  ------------
     IBUF:I->O             6   1.106   0.721  alu_op_3_IBUF (alu_op_3_IBUF)
     LUT3:I0->O           64   0.612   1.111  old_alu_out_1_cmp_eq000111 (old_alu_out_1_or0000)
     LUT4:I2->O            1   0.612   0.000  Maddsub_old_alu_out_1_addsub0000_lut<0> (Maddsub_old_alu_out_1_addsub0000_lut<0>)
     MUXCY:S->O            1   0.404   0.000  Maddsub_old_alu_out_1_addsub0000_cy<0> (Maddsub_old_alu_out_1_addsub0000_cy<0>)
     MUXCY:CI->O           1   0.052   0.000  Maddsub_old_alu_out_1_addsub0000_cy<1> (Maddsub_old_alu_out_1_addsub0000_cy<1>)
     MUXCY:CI->O           1   0.052   0.000  Maddsub_old_alu_out_1_addsub0000_cy<2> (Maddsub_old_alu_out_1_addsub0000_cy<2>)
     MUXCY:CI->O           1   0.052   0.000  Maddsub_old_alu_out_1_addsub0000_cy<3> (Maddsub_old_alu_out_1_addsub0000_cy<3>)
     MUXCY:CI->O           1   0.052   0.000  Maddsub_old_alu_out_1_addsub0000_cy<4> (Maddsub_old_alu_out_1_addsub0000_cy<4>)
     MUXCY:CI->O           1   0.052   0.000  Maddsub_old_alu_out_1_addsub0000_cy<5> (Maddsub_old_alu_out_1_addsub0000_cy<5>)
     MUXCY:CI->O           1   0.052   0.000  Maddsub_old_alu_out_1_addsub0000_cy<6> (Maddsub_old_alu_out_1_addsub0000_cy<6>)
     MUXCY:CI->O           1   0.052   0.000  Maddsub_old_alu_out_1_addsub0000_cy<7> (Maddsub_old_alu_out_1_addsub0000_cy<7>)
     MUXCY:CI->O           1   0.052   0.000  Maddsub_old_alu_out_1_addsub0000_cy<8> (Maddsub_old_alu_out_1_addsub0000_cy<8>)
     MUXCY:CI->O           1   0.052   0.000  Maddsub_old_alu_out_1_addsub0000_cy<9> (Maddsub_old_alu_out_1_addsub0000_cy<9>)
     MUXCY:CI->O           1   0.052   0.000  Maddsub_old_alu_out_1_addsub0000_cy<10> (Maddsub_old_alu_out_1_addsub0000_cy<10>)
     MUXCY:CI->O           1   0.052   0.000  Maddsub_old_alu_out_1_addsub0000_cy<11> (Maddsub_old_alu_out_1_addsub0000_cy<11>)
     MUXCY:CI->O           1   0.052   0.000  Maddsub_old_alu_out_1_addsub0000_cy<12> (Maddsub_old_alu_out_1_addsub0000_cy<12>)
     MUXCY:CI->O           1   0.051   0.000  Maddsub_old_alu_out_1_addsub0000_cy<13> (Maddsub_old_alu_out_1_addsub0000_cy<13>)
     MUXCY:CI->O           1   0.051   0.000  Maddsub_old_alu_out_1_addsub0000_cy<14> (Maddsub_old_alu_out_1_addsub0000_cy<14>)
     MUXCY:CI->O           1   0.051   0.000  Maddsub_old_alu_out_1_addsub0000_cy<15> (Maddsub_old_alu_out_1_addsub0000_cy<15>)
     MUXCY:CI->O           1   0.051   0.000  Maddsub_old_alu_out_1_addsub0000_cy<16> (Maddsub_old_alu_out_1_addsub0000_cy<16>)
     MUXCY:CI->O           1   0.051   0.000  Maddsub_old_alu_out_1_addsub0000_cy<17> (Maddsub_old_alu_out_1_addsub0000_cy<17>)
     MUXCY:CI->O           1   0.051   0.000  Maddsub_old_alu_out_1_addsub0000_cy<18> (Maddsub_old_alu_out_1_addsub0000_cy<18>)
     MUXCY:CI->O           1   0.051   0.000  Maddsub_old_alu_out_1_addsub0000_cy<19> (Maddsub_old_alu_out_1_addsub0000_cy<19>)
     MUXCY:CI->O           1   0.051   0.000  Maddsub_old_alu_out_1_addsub0000_cy<20> (Maddsub_old_alu_out_1_addsub0000_cy<20>)
     MUXCY:CI->O           1   0.051   0.000  Maddsub_old_alu_out_1_addsub0000_cy<21> (Maddsub_old_alu_out_1_addsub0000_cy<21>)
     MUXCY:CI->O           1   0.051   0.000  Maddsub_old_alu_out_1_addsub0000_cy<22> (Maddsub_old_alu_out_1_addsub0000_cy<22>)
     XORCY:CI->O           1   0.699   0.426  Maddsub_old_alu_out_1_addsub0000_xor<23> (old_alu_out_1_addsub0000<23>)
     LUT3:I1->O            2   0.612   0.532  _old_alu_out_1<23>58 (alu_out_23_OBUF)
     LUT4:I0->O            1   0.612   0.000  zero_and0000_wg_lut<0> (zero_and0000_wg_lut<0>)
     MUXCY:S->O            1   0.404   0.000  zero_and0000_wg_cy<0> (zero_and0000_wg_cy<0>)
     MUXCY:CI->O           1   0.051   0.000  zero_and0000_wg_cy<1> (zero_and0000_wg_cy<1>)
     MUXCY:CI->O           1   0.051   0.000  zero_and0000_wg_cy<2> (zero_and0000_wg_cy<2>)
     MUXCY:CI->O           1   0.051   0.000  zero_and0000_wg_cy<3> (zero_and0000_wg_cy<3>)
     MUXCY:CI->O           1   0.051   0.000  zero_and0000_wg_cy<4> (zero_and0000_wg_cy<4>)
     MUXCY:CI->O           1   0.052   0.000  zero_and0000_wg_cy<5> (zero_and0000_wg_cy<5>)
     MUXCY:CI->O           1   0.052   0.000  zero_and0000_wg_cy<6> (zero_and0000_wg_cy<6>)
     MUXCY:CI->O           1   0.399   0.357  zero_and0000_wg_cy<7> (zero_OBUF)
     OBUF:I->O                 3.169          zero_OBUF (zero)
    ----------------------------------------
    Total                     13.219ns (10.071ns logic, 3.147ns route)
                                       (76.2% logic, 23.8% route)

=========================================================================


Total REAL time to Xst completion: 8.00 secs
Total CPU time to Xst completion: 8.42 secs
 
--> 

Total memory usage is 254976 kilobytes

Number of errors   :    0 (   0 filtered)
Number of warnings :    0 (   0 filtered)
Number of infos    :    1 (   0 filtered)

